
> build
> vite build

node.exe : Γû▓ [WARNING] Duplicate key "skipLibCheck" in object literal [duplicate-object-key]
At C:\Program Files\nodejs\npm.ps1:29 char:3
+   & $NODE_EXE $NPM_CLI_JS $args
+   ~~~~~~~~~~~~~~~~~~~~~~~~~~~~~
    + CategoryInfo          : NotSpecified: (Γû▓ [WARNING] D...ate-object-key]:String) [], RemoteException
    + FullyQualifiedErrorId : NativeCommandError
 

    tsconfig.json:24:4:
      24 Γöé     "skipLibCheck": true,
         Γò╡     ~~~~~~~~~~~~~~

  The original key "skipLibCheck" is here:

    tsconfig.json:7:4:
      7 Γöé     "skipLibCheck": true,
        Γò╡     ~~~~~~~~~~~~~~

vite v7.1.4 building for production...
transforming...
Γ£ô 885 modules transformed.
Γ£ù Build failed in 8.23s
error during build:
[vite:esbuild] Transform failed with 1 error:
C:/cliniio3.0/src/pages/Inventory/components/InventoryModalsWrapper.tsx:38:2: ERROR: Expected ">" but found ")"
file: C:/cliniio3.0/src/pages/Inventory/components/InventoryModalsWrapper.tsx:38:2

Expected ">" but found ")"
36 |          | undefined,
37 |      } as any)}
38 |    );
   |    ^
39 |  };
40 |  

    at failureErrorWithLog (C:\cliniio3.0\node_modules\esbuild\lib\main.js:1467:15)
    at C:\cliniio3.0\node_modules\esbuild\lib\main.js:736:50
    at responseCallbacks.<computed> (C:\cliniio3.0\node_modules\esbuild\lib\main.js:603:9)
    at handleIncomingPacket (C:\cliniio3.0\node_modules\esbuild\lib\main.js:658:12)
    at Socket.readFromStdout (C:\cliniio3.0\node_modules\esbuild\lib\main.js:581:7)
    at Socket.emit (node:events:518:28)
    at addChunk (node:internal/streams/readable:561:12)
    at readableAddChunkPushByteMode (node:internal/streams/readable:512:3)
    at Readable.push (node:internal/streams/readable:392:5)
    at Pipe.onStreamRead (node:internal/stream_base_commons:189:23)
